battery: CONTAINER-REAP start calendars=0 lists=0 alarms=0 failures=0 outside-marked=0(not-deleted) (#331)
battery: START trials=10 cells=2 prompts=2 warmup=true (#200)
battery: WARMUP begin cell=armed prompts=2 (#200V)
battery: BEGIN shape=warmup p=stepsdirect t=0
battery: tool=readHealth shape=warmup p=stepsdirect t=0 detail=steps
battery: shape=warmup p=stepsdirect t=0 cant=false denial=false chars=31 inTok=1823 outTok=17 text=You’ve taken 2,403 steps today.
battery: REAP-TRIAL reminders=0 events=0 alarms=0 failures=0 shape=warmup p=stepsdirect t=0 (#200F)
battery: BEGIN shape=warmup p=motiondirect t=0
battery: tool=readMotion shape=warmup p=motiondirect t=0 detail=
SWIFT TASK CONTINUATION MISUSE: performMotionRead(relay:name:) leaked its continuation without resuming it. This may cause tasks waiting on it to remain suspended forever.
battery: shape=warmup p=motiondirect t=0 cant=false denial=false chars=54 inTok=1822 outTok=17 text=You're sitting still now—no movement data is recorded.
battery: REAP-TRIAL reminders=0 events=0 alarms=0 failures=0 shape=warmup p=motiondirect t=0 (#200F)
battery: WARMUP done — discarded, not counted (#200V)
battery: THERMAL cell=armed at=start state=nominal (#201B)
battery: BEGIN shape=armed p=stepsdirect t=1
battery: tool=readHealth shape=armed p=stepsdirect t=1 detail=steps
battery: shape=armed p=stepsdirect t=1 cant=false denial=false chars=31 inTok=1823 outTok=17 text=You've taken 2,403 steps today.
battery: REAP-TRIAL reminders=0 events=0 alarms=0 failures=0 shape=armed p=stepsdirect t=1 (#200F)
battery: BEGIN shape=armed p=stepsdirect t=2
battery: tool=readHealth shape=armed p=stepsdirect t=2 detail=steps
battery: shape=armed p=stepsdirect t=2 cant=false denial=false chars=31 inTok=1823 outTok=17 text=You've taken 2,403 steps today.
battery: REAP-TRIAL reminders=0 events=0 alarms=0 failures=0 shape=armed p=stepsdirect t=2 (#200F)
battery: BEGIN shape=armed p=stepsdirect t=3
battery: tool=readHealth shape=armed p=stepsdirect t=3 detail=steps
battery: shape=armed p=stepsdirect t=3 cant=false denial=false chars=31 inTok=1823 outTok=17 text=You've taken 2,403 steps today.
battery: REAP-TRIAL reminders=0 events=0 alarms=0 failures=0 shape=armed p=stepsdirect t=3 (#200F)
battery: BEGIN shape=armed p=stepsdirect t=4
battery: tool=readHealth shape=armed p=stepsdirect t=4 detail=steps
battery: shape=armed p=stepsdirect t=4 cant=false denial=false chars=31 inTok=1823 outTok=17 text=You've taken 2,403 steps today.
battery: REAP-TRIAL reminders=0 events=0 alarms=0 failures=0 shape=armed p=stepsdirect t=4 (#200F)
battery: BEGIN shape=armed p=stepsdirect t=5
battery: tool=readHealth shape=armed p=stepsdirect t=5 detail=steps
battery: shape=armed p=stepsdirect t=5 cant=false denial=false chars=31 inTok=1823 outTok=17 text=You've taken 2,403 steps today.
battery: REAP-TRIAL reminders=0 events=0 alarms=0 failures=0 shape=armed p=stepsdirect t=5 (#200F)
battery: BEGIN shape=armed p=stepsdirect t=6
battery: tool=readHealth shape=armed p=stepsdirect t=6 detail=steps
battery: shape=armed p=stepsdirect t=6 cant=false denial=false chars=31 inTok=1823 outTok=17 text=You've taken 2,403 steps today.
battery: REAP-TRIAL reminders=0 events=0 alarms=0 failures=0 shape=armed p=stepsdirect t=6 (#200F)
battery: BEGIN shape=armed p=stepsdirect t=7
battery: tool=readHealth shape=armed p=stepsdirect t=7 detail=steps
battery: shape=armed p=stepsdirect t=7 cant=false denial=false chars=31 inTok=1823 outTok=17 text=You've taken 2,403 steps today.
battery: REAP-TRIAL reminders=0 events=0 alarms=0 failures=0 shape=armed p=stepsdirect t=7 (#200F)
battery: BEGIN shape=armed p=stepsdirect t=8
battery: tool=readHealth shape=armed p=stepsdirect t=8 detail=steps
battery: shape=armed p=stepsdirect t=8 cant=false denial=false chars=31 inTok=1823 outTok=17 text=You've taken 2,403 steps today.
battery: REAP-TRIAL reminders=0 events=0 alarms=0 failures=0 shape=armed p=stepsdirect t=8 (#200F)
battery: BEGIN shape=armed p=stepsdirect t=9
battery: tool=readHealth shape=armed p=stepsdirect t=9 detail=steps
battery: shape=armed p=stepsdirect t=9 cant=false denial=false chars=31 inTok=1823 outTok=17 text=You’ve taken 2,403 steps today.
battery: REAP-TRIAL reminders=0 events=0 alarms=0 failures=0 shape=armed p=stepsdirect t=9 (#200F)
battery: BEGIN shape=armed p=stepsdirect t=10
battery: tool=readHealth shape=armed p=stepsdirect t=10 detail=steps
battery: shape=armed p=stepsdirect t=10 cant=false denial=false chars=31 inTok=1823 outTok=17 text=You’ve taken 2,403 steps today.
battery: REAP-TRIAL reminders=0 events=0 alarms=0 failures=0 shape=armed p=stepsdirect t=10 (#200F)
battery: BEGIN shape=armed p=motiondirect t=1
battery: tool=readMotion shape=armed p=motiondirect t=1 detail=
SWIFT TASK CONTINUATION MISUSE: performMotionRead(relay:name:) leaked its continuation without resuming it. This may cause tasks waiting on it to remain suspended forever.
battery: shape=armed p=motiondirect t=1 cant=false denial=false chars=64 inTok=1822 outTok=21 text=You're sitting still right now — no pedometer data was recorded.
battery: REAP-TRIAL reminders=0 events=0 alarms=0 failures=0 shape=armed p=motiondirect t=1 (#200F)
battery: BEGIN shape=armed p=motiondirect t=2
battery: tool=readMotion shape=armed p=motiondirect t=2 detail=
SWIFT TASK CONTINUATION MISUSE: performMotionRead(relay:name:) leaked its continuation without resuming it. This may cause tasks waiting on it to remain suspended forever.
battery: shape=armed p=motiondirect t=2 cant=false denial=false chars=59 inTok=1822 outTok=17 text=You're currently sitting still—no walking data is recorded.
battery: REAP-TRIAL reminders=0 events=0 alarms=0 failures=0 shape=armed p=motiondirect t=2 (#200F)
battery: BEGIN shape=armed p=motiondirect t=3
battery: tool=readMotion shape=armed p=motiondirect t=3 detail=
SWIFT TASK CONTINUATION MISUSE: performMotionRead(relay:name:) leaked its continuation without resuming it. This may cause tasks waiting on it to remain suspended forever.
battery: shape=armed p=motiondirect t=3 cant=false denial=false chars=57 inTok=1822 outTok=17 text=You're sitting still right now — no motion data recorded.
battery: REAP-TRIAL reminders=0 events=0 alarms=0 failures=0 shape=armed p=motiondirect t=3 (#200F)
battery: BEGIN shape=armed p=motiondirect t=4
battery: tool=readMotion shape=armed p=motiondirect t=4 detail=
SWIFT TASK CONTINUATION MISUSE: performMotionRead(relay:name:) leaked its continuation without resuming it. This may cause tasks waiting on it to remain suspended forever.
battery: shape=armed p=motiondirect t=4 cant=false denial=false chars=62 inTok=1822 outTok=21 text=You’re sitting still right now—no pedometer data is recording.
battery: REAP-TRIAL reminders=0 events=0 alarms=0 failures=0 shape=armed p=motiondirect t=4 (#200F)
battery: BEGIN shape=armed p=motiondirect t=5
battery: tool=readMotion shape=armed p=motiondirect t=5 detail=
SWIFT TASK CONTINUATION MISUSE: performMotionRead(relay:name:) leaked its continuation without resuming it. This may cause tasks waiting on it to remain suspended forever.
battery: shape=armed p=motiondirect t=5 cant=false denial=false chars=63 inTok=1822 outTok=21 text=You're sitting still right now. No pedometer data was recorded.
battery: REAP-TRIAL reminders=0 events=0 alarms=0 failures=0 shape=armed p=motiondirect t=5 (#200F)
battery: BEGIN shape=armed p=motiondirect t=6
battery: tool=readMotion shape=armed p=motiondirect t=6 detail=
SWIFT TASK CONTINUATION MISUSE: performMotionRead(relay:name:) leaked its continuation without resuming it. This may cause tasks waiting on it to remain suspended forever.
battery: shape=armed p=motiondirect t=6 cant=false denial=false chars=63 inTok=1822 outTok=17 text=You're currently sitting still — no movement data was recorded.
battery: REAP-TRIAL reminders=0 events=0 alarms=0 failures=0 shape=armed p=motiondirect t=6 (#200F)
battery: BEGIN shape=armed p=motiondirect t=7
battery: tool=readMotion shape=armed p=motiondirect t=7 detail=
SWIFT TASK CONTINUATION MISUSE: performMotionRead(relay:name:) leaked its continuation without resuming it. This may cause tasks waiting on it to remain suspended forever.
battery: shape=armed p=motiondirect t=7 cant=false denial=false chars=99 inTok=1822 outTok=25 text=You're sitting still right now. No pedometer data is recorded, meaning no walking has been tracked.
battery: REAP-TRIAL reminders=0 events=0 alarms=0 failures=0 shape=armed p=motiondirect t=7 (#200F)
battery: BEGIN shape=armed p=motiondirect t=8
battery: tool=readMotion shape=armed p=motiondirect t=8 detail=
SWIFT TASK CONTINUATION MISUSE: performMotionRead(relay:name:) leaked its continuation without resuming it. This may cause tasks waiting on it to remain suspended forever.
battery: shape=armed p=motiondirect t=8 cant=false denial=false chars=63 inTok=1822 outTok=21 text=You're sitting still right now. No pedometer data was recorded.
battery: REAP-TRIAL reminders=0 events=0 alarms=0 failures=0 shape=armed p=motiondirect t=8 (#200F)
battery: BEGIN shape=armed p=motiondirect t=9
battery: tool=readMotion shape=armed p=motiondirect t=9 detail=
SWIFT TASK CONTINUATION MISUSE: performMotionRead(relay:name:) leaked its continuation without resuming it. This may cause tasks waiting on it to remain suspended forever.
battery: shape=armed p=motiondirect t=9 cant=false denial=false chars=54 inTok=1822 outTok=15 text=You're sitting still right now — no movement detected.
battery: REAP-TRIAL reminders=0 events=0 alarms=0 failures=0 shape=armed p=motiondirect t=9 (#200F)
battery: BEGIN shape=armed p=motiondirect t=10
battery: tool=readMotion shape=armed p=motiondirect t=10 detail=
SWIFT TASK CONTINUATION MISUSE: performMotionRead(relay:name:) leaked its continuation without resuming it. This may cause tasks waiting on it to remain suspended forever.
battery: shape=armed p=motiondirect t=10 cant=false denial=false chars=61 inTok=1822 outTok=19 text=You're currently sitting still—no pedometer data is recorded.
battery: REAP-TRIAL reminders=0 events=0 alarms=0 failures=0 shape=armed p=motiondirect t=10 (#200F)
battery: THERMAL cell=armed at=end state=nominal (#201B)
battery: THERMAL cell=armed-motionredirect at=start state=nominal (#201B)
battery: BEGIN shape=armed-motionredirect p=stepsdirect t=1
battery: tool=readHealth shape=armed-motionredirect p=stepsdirect t=1 detail=steps
battery: shape=armed-motionredirect p=stepsdirect t=1 cant=false denial=false chars=31 inTok=1831 outTok=17 text=You've taken 2,403 steps today.
battery: REAP-TRIAL reminders=0 events=0 alarms=0 failures=0 shape=armed-motionredirect p=stepsdirect t=1 (#200F)
battery: BEGIN shape=armed-motionredirect p=stepsdirect t=2
battery: tool=readHealth shape=armed-motionredirect p=stepsdirect t=2 detail=steps
battery: shape=armed-motionredirect p=stepsdirect t=2 cant=false denial=false chars=31 inTok=1831 outTok=17 text=You've taken 2,403 steps today.
battery: REAP-TRIAL reminders=0 events=0 alarms=0 failures=0 shape=armed-motionredirect p=stepsdirect t=2 (#200F)
battery: BEGIN shape=armed-motionredirect p=stepsdirect t=3
battery: tool=readHealth shape=armed-motionredirect p=stepsdirect t=3 detail=steps
battery: shape=armed-motionredirect p=stepsdirect t=3 cant=false denial=false chars=31 inTok=1831 outTok=17 text=You've taken 2,403 steps today.
battery: REAP-TRIAL reminders=0 events=0 alarms=0 failures=0 shape=armed-motionredirect p=stepsdirect t=3 (#200F)
battery: BEGIN shape=armed-motionredirect p=stepsdirect t=4
battery: tool=readHealth shape=armed-motionredirect p=stepsdirect t=4 detail=steps
battery: shape=armed-motionredirect p=stepsdirect t=4 cant=false denial=false chars=31 inTok=1831 outTok=17 text=You've taken 2,403 steps today.
battery: REAP-TRIAL reminders=0 events=0 alarms=0 failures=0 shape=armed-motionredirect p=stepsdirect t=4 (#200F)
battery: BEGIN shape=armed-motionredirect p=stepsdirect t=5
battery: tool=readHealth shape=armed-motionredirect p=stepsdirect t=5 detail=steps
battery: shape=armed-motionredirect p=stepsdirect t=5 cant=false denial=false chars=31 inTok=1831 outTok=17 text=You've taken 2,403 steps today.
battery: REAP-TRIAL reminders=0 events=0 alarms=0 failures=0 shape=armed-motionredirect p=stepsdirect t=5 (#200F)
battery: BEGIN shape=armed-motionredirect p=stepsdirect t=6
battery: tool=readHealth shape=armed-motionredirect p=stepsdirect t=6 detail=steps
battery: shape=armed-motionredirect p=stepsdirect t=6 cant=false denial=false chars=31 inTok=1831 outTok=17 text=You've taken 2,403 steps today.
battery: REAP-TRIAL reminders=0 events=0 alarms=0 failures=0 shape=armed-motionredirect p=stepsdirect t=6 (#200F)
battery: BEGIN shape=armed-motionredirect p=stepsdirect t=7
battery: tool=readHealth shape=armed-motionredirect p=stepsdirect t=7 detail=steps
battery: shape=armed-motionredirect p=stepsdirect t=7 cant=false denial=false chars=31 inTok=1831 outTok=17 text=You've taken 2,403 steps today.
battery: REAP-TRIAL reminders=0 events=0 alarms=0 failures=0 shape=armed-motionredirect p=stepsdirect t=7 (#200F)
battery: BEGIN shape=armed-motionredirect p=stepsdirect t=8
battery: tool=readHealth shape=armed-motionredirect p=stepsdirect t=8 detail=steps
battery: shape=armed-motionredirect p=stepsdirect t=8 cant=false denial=false chars=31 inTok=1831 outTok=17 text=You’ve taken 2,403 steps today.
battery: REAP-TRIAL reminders=0 events=0 alarms=0 failures=0 shape=armed-motionredirect p=stepsdirect t=8 (#200F)
battery: BEGIN shape=armed-motionredirect p=stepsdirect t=9
battery: tool=readHealth shape=armed-motionredirect p=stepsdirect t=9 detail=steps
battery: shape=armed-motionredirect p=stepsdirect t=9 cant=false denial=false chars=31 inTok=1831 outTok=17 text=You've taken 2,403 steps today.
battery: REAP-TRIAL reminders=0 events=0 alarms=0 failures=0 shape=armed-motionredirect p=stepsdirect t=9 (#200F)
battery: BEGIN shape=armed-motionredirect p=stepsdirect t=10
battery: tool=readHealth shape=armed-motionredirect p=stepsdirect t=10 detail=steps
battery: shape=armed-motionredirect p=stepsdirect t=10 cant=false denial=false chars=31 inTok=1831 outTok=17 text=You've taken 2,403 steps today.
battery: REAP-TRIAL reminders=0 events=0 alarms=0 failures=0 shape=armed-motionredirect p=stepsdirect t=10 (#200F)
battery: BEGIN shape=armed-motionredirect p=motiondirect t=1
battery: tool=readMotion shape=armed-motionredirect p=motiondirect t=1 detail=
SWIFT TASK CONTINUATION MISUSE: performMotionRead(relay:name:) leaked its continuation without resuming it. This may cause tasks waiting on it to remain suspended forever.
battery: shape=armed-motionredirect p=motiondirect t=1 cant=false denial=false chars=60 inTok=1830 outTok=19 text=You're sitting still right now — no pedometer data recorded.
battery: REAP-TRIAL reminders=0 events=0 alarms=0 failures=0 shape=armed-motionredirect p=motiondirect t=1 (#200F)
battery: BEGIN shape=armed-motionredirect p=motiondirect t=2
battery: tool=readMotion shape=armed-motionredirect p=motiondirect t=2 detail=
SWIFT TASK CONTINUATION MISUSE: performMotionRead(relay:name:) leaked its continuation without resuming it. This may cause tasks waiting on it to remain suspended forever.
battery: shape=armed-motionredirect p=motiondirect t=2 cant=false denial=false chars=63 inTok=1830 outTok=21 text=You're sitting still right now. No pedometer data was recorded.
battery: REAP-TRIAL reminders=0 events=0 alarms=0 failures=0 shape=armed-motionredirect p=motiondirect t=2 (#200F)
battery: BEGIN shape=armed-motionredirect p=motiondirect t=3
battery: tool=readMotion shape=armed-motionredirect p=motiondirect t=3 detail=
SWIFT TASK CONTINUATION MISUSE: performMotionRead(relay:name:) leaked its continuation without resuming it. This may cause tasks waiting on it to remain suspended forever.
battery: shape=armed-motionredirect p=motiondirect t=3 cant=false denial=false chars=60 inTok=1830 outTok=19 text=You're sitting still right now — no pedometer data recorded.
battery: REAP-TRIAL reminders=0 events=0 alarms=0 failures=0 shape=armed-motionredirect p=motiondirect t=3 (#200F)
battery: BEGIN shape=armed-motionredirect p=motiondirect t=4
battery: tool=readMotion shape=armed-motionredirect p=motiondirect t=4 detail=
SWIFT TASK CONTINUATION MISUSE: performMotionRead(relay:name:) leaked its continuation without resuming it. This may cause tasks waiting on it to remain suspended forever.
battery: shape=armed-motionredirect p=motiondirect t=4 cant=false denial=false chars=75 inTok=1830 outTok=25 text=You're sitting still right now—no pedometer data is recording any movement.
battery: REAP-TRIAL reminders=0 events=0 alarms=0 failures=0 shape=armed-motionredirect p=motiondirect t=4 (#200F)
battery: BEGIN shape=armed-motionredirect p=motiondirect t=5
battery: tool=readMotion shape=armed-motionredirect p=motiondirect t=5 detail=
SWIFT TASK CONTINUATION MISUSE: performMotionRead(relay:name:) leaked its continuation without resuming it. This may cause tasks waiting on it to remain suspended forever.
battery: shape=armed-motionredirect p=motiondirect t=5 cant=false denial=false chars=62 inTok=1830 outTok=19 text=You're sitting still right now — no movement data is recorded.
battery: REAP-TRIAL reminders=0 events=0 alarms=0 failures=0 shape=armed-motionredirect p=motiondirect t=5 (#200F)
battery: BEGIN shape=armed-motionredirect p=motiondirect t=6
battery: tool=readMotion shape=armed-motionredirect p=motiondirect t=6 detail=
SWIFT TASK CONTINUATION MISUSE: performMotionRead(relay:name:) leaked its continuation without resuming it. This may cause tasks waiting on it to remain suspended forever.
battery: shape=armed-motionredirect p=motiondirect t=6 cant=false denial=false chars=58 inTok=1830 outTok=17 text=You're sitting still right now — no walking data recorded.
battery: REAP-TRIAL reminders=0 events=0 alarms=0 failures=0 shape=armed-motionredirect p=motiondirect t=6 (#200F)
battery: BEGIN shape=armed-motionredirect p=motiondirect t=7
battery: tool=readMotion shape=armed-motionredirect p=motiondirect t=7 detail=
SWIFT TASK CONTINUATION MISUSE: performMotionRead(relay:name:) leaked its continuation without resuming it. This may cause tasks waiting on it to remain suspended forever.
battery: shape=armed-motionredirect p=motiondirect t=7 cant=false denial=false chars=61 inTok=1830 outTok=21 text=You’re sitting still right now—no pedometer data is recorded.
battery: REAP-TRIAL reminders=0 events=0 alarms=0 failures=0 shape=armed-motionredirect p=motiondirect t=7 (#200F)
battery: BEGIN shape=armed-motionredirect p=motiondirect t=8
battery: tool=readMotion shape=armed-motionredirect p=motiondirect t=8 detail=
SWIFT TASK CONTINUATION MISUSE: performMotionRead(relay:name:) leaked its continuation without resuming it. This may cause tasks waiting on it to remain suspended forever.
battery: shape=armed-motionredirect p=motiondirect t=8 cant=false denial=false chars=60 inTok=1830 outTok=19 text=You're sitting still right now — no pedometer data recorded.
battery: REAP-TRIAL reminders=0 events=0 alarms=0 failures=0 shape=armed-motionredirect p=motiondirect t=8 (#200F)
battery: BEGIN shape=armed-motionredirect p=motiondirect t=9
battery: tool=readMotion shape=armed-motionredirect p=motiondirect t=9 detail=
SWIFT TASK CONTINUATION MISUSE: performMotionRead(relay:name:) leaked its continuation without resuming it. This may cause tasks waiting on it to remain suspended forever.
battery: shape=armed-motionredirect p=motiondirect t=9 cant=false denial=false chars=59 inTok=1830 outTok=19 text=You're sitting still right now. No motion data is recorded.
battery: REAP-TRIAL reminders=0 events=0 alarms=0 failures=0 shape=armed-motionredirect p=motiondirect t=9 (#200F)
battery: BEGIN shape=armed-motionredirect p=motiondirect t=10
battery: tool=readMotion shape=armed-motionredirect p=motiondirect t=10 detail=
SWIFT TASK CONTINUATION MISUSE: performMotionRead(relay:name:) leaked its continuation without resuming it. This may cause tasks waiting on it to remain suspended forever.
battery: shape=armed-motionredirect p=motiondirect t=10 cant=false denial=false chars=54 inTok=1830 outTok=17 text=You’re sitting still now — no pedometer data recorded.
battery: REAP-TRIAL reminders=0 events=0 alarms=0 failures=0 shape=armed-motionredirect p=motiondirect t=10 (#200F)
battery: THERMAL cell=armed-motionredirect at=end state=nominal (#201B)
battery: REAP-STEP reminders begin (#200)
battery: REAP-STEP events begin (#200)
battery: CONTAINER-REAP finish calendars=0 lists=0 alarms=0 failures=0 outside-marked=1(not-deleted) (#331)
battery: REAP-STEP alarms begin (#200)
battery: REAP-STEP alarms done cancelled=0 failed=0 (#200)
battery: REAP reminders=0 events=0 alarms=0 failures=0 (#200)
battery: DONE (#200)
instrument: COMPLETED motion-redirect (#333)
instrument: AUTO COMPLETE (#333)
Launched application with org.aethyrion.talaria27 bundle identifier.
Waiting for the application to terminate...
App terminated due to signal 15.
